******************************************************************************
                  TI ARM Linker PC v20.2.7                     
******************************************************************************
>> Linked Sun Mar 26 00:44:14 2023

OUTPUT FILE NAME:   <LabThree.out>
ENTRY POINT SYMBOL: "_c_int00_noargs"  address: 00000739


MEMORY CONFIGURATION

         name            origin    length      used     unused   attr    fill
----------------------  --------  ---------  --------  --------  ----  --------
  FLASH                 00000000   00040000  00000882  0003f77e  R  X
  SRAM                  20000000   00008000  0000032e  00007cd2  RW X


SEGMENT ALLOCATION MAP

run origin  load origin   length   init length attrs members
----------  ----------- ---------- ----------- ----- -------
00000000    00000000    00000884   00000884    r-x
  00000000    00000000    0000026c   0000026c    r-- .intvecs
  0000026c    0000026c    00000522   00000522    r-x .text
  00000790    00000790    000000f4   000000f4    r-- .cinit
20000000    20000000    0000032e   00000000    rw-
  20000000    20000000    00000200   00000000    rw- .stack
  20000200    20000200    0000012e   00000000    rw- .data


SECTION ALLOCATION MAP

 output                                  attributes/
section   page    origin      length       input sections
--------  ----  ----------  ----------   ----------------
.intvecs   0    00000000    0000026c     
                  00000000    0000026c     tm4c123gh6pm_startup_ccs.obj (.intvecs)

.text      0    0000026c    00000522     
                  0000026c    000002fe     lab3.obj (.text)
                  0000056a    0000009c     rtsv7M4_T_le_v4SPD16_eabi.lib : memcpy_t2.asm.obj (.text)
                  00000606    00000002     --HOLE-- [fill = 0]
                  00000608    00000084     lab3wrapper.obj (.text)
                  0000068c    00000068     rtsv7M4_T_le_v4SPD16_eabi.lib : copy_decompress_lzss.c.obj (.text:decompress:lzss:__TI_decompress_lzss)
                  000006f4    00000044                                   : autoinit.c.obj (.text:__TI_auto_init_nobinit_nopinit:__TI_auto_init_nobinit_nopinit)
                  00000738    00000034                                   : boot_cortex_m.c.obj (.text:_c_int00_noargs:_c_int00_noargs)
                  0000076c    0000000e                                   : copy_decompress_none.c.obj (.text:decompress:none:__TI_decompress_none)
                  0000077a    0000000c     tm4c123gh6pm_startup_ccs.obj (.text)
                  00000786    00000004     rtsv7M4_T_le_v4SPD16_eabi.lib : pre_init.c.obj (.text:_system_pre_init)
                  0000078a    00000004                                   : exit.c.obj (.text:abort:abort)

.cinit     0    00000790    000000f4     
                  00000790    000000e3     (.cinit..data.load) [load image, compression = lzss]
                  00000873    00000001     --HOLE-- [fill = 0]
                  00000874    00000008     (__TI_handler_table)
                  0000087c    00000008     (__TI_cinit_table)

.init_array 
*          0    00000000    00000000     UNINITIALIZED

.data      0    20000200    0000012e     UNINITIALIZED
                  20000200    0000012e     lab3.obj (.data)

.stack     0    20000000    00000200     UNINITIALIZED
                  20000000    00000004     rtsv7M4_T_le_v4SPD16_eabi.lib : boot_cortex_m.c.obj (.stack)
                  20000004    000001fc     --HOLE--

__llvm_prf_cnts 
*          0    20000000    00000000     UNINITIALIZED

MODULE SUMMARY

       Module                         code   ro data   rw data
       ------                         ----   -------   -------
    .\
       lab3.obj                       766    0         302    
       tm4c123gh6pm_startup_ccs.obj   12     620       0      
       lab3wrapper.obj                132    0         0      
    +--+------------------------------+------+---------+---------+
       Total:                         910    620       302    
                                                              
    C:\ti\ccs1220\ccs\tools\compiler\ti-cgt-arm_20.2.7.LTS\lib\rtsv7M4_T_le_v4SPD16_eabi.lib
       memcpy_t2.asm.obj              156    0         0      
       copy_decompress_lzss.c.obj     104    0         0      
       autoinit.c.obj                 68     0         0      
       boot_cortex_m.c.obj            52     0         0      
       copy_decompress_none.c.obj     14     0         0      
       exit.c.obj                     4      0         0      
       pre_init.c.obj                 4      0         0      
    +--+------------------------------+------+---------+---------+
       Total:                         402    0         0      
                                                              
       Stack:                         0      0         512    
       Linker Generated:              0      243       0      
    +--+------------------------------+------+---------+---------+
       Grand Total:                   1312   863       814    


LINKER GENERATED COPY TABLES

__TI_cinit_table @ 0000087c records: 1, size/record: 8, table size: 8
	.data: load addr=00000790, load size=000000e3 bytes, run addr=20000200, run size=0000012e bytes, compression=lzss


LINKER GENERATED HANDLER TABLE

__TI_handler_table @ 00000874 records: 2, size/record: 4, table size: 8
	index: 0, handler: __TI_decompress_lzss
	index: 1, handler: __TI_decompress_none


GLOBAL SYMBOLS: SORTED ALPHABETICALLY BY Name 

address   name                          
-------   ----                          
0000078b  C$$EXIT                       
0000077b  ResetISR                      
20000200  __STACK_END                   
00000200  __STACK_SIZE                  
20000200  __STACK_TOP                   
0000087c  __TI_CINIT_Base               
00000884  __TI_CINIT_Limit              
00000874  __TI_Handler_Table_Base       
0000087c  __TI_Handler_Table_Limit      
000006f5  __TI_auto_init_nobinit_nopinit
0000068d  __TI_decompress_lzss          
0000076d  __TI_decompress_none          
ffffffff  __TI_pprof_out_hndl           
ffffffff  __TI_prof_data_size           
ffffffff  __TI_prof_data_start          
00000000  __TI_static_base__            
0000056b  __aeabi_memcpy                
0000056b  __aeabi_memcpy4               
0000056b  __aeabi_memcpy8               
ffffffff  __binit__                     
ffffffff  __c_args__                    
UNDEFED   __mpu_init                    
20000000  __stack                       
20000000  __start___llvm_prf_cnts       
20000000  __stop___llvm_prf_cnts        
00000739  _c_int00_noargs               
UNDEFED   _system_post_cinit            
00000787  _system_pre_init              
0000078b  abort                         
ffffffff  binit                         
00000000  g_pfnVectors                  
00000291  lab3                          
0000065b  main                          
0000056b  memcpy                        
20000246  num_1_string                  
20000270  num_2_string                  
20000200  prompt                        
00000609  serial_init                   


GLOBAL SYMBOLS: SORTED BY Symbol Address 

address   name                          
-------   ----                          
00000000  __TI_static_base__            
00000000  g_pfnVectors                  
00000200  __STACK_SIZE                  
00000291  lab3                          
0000056b  __aeabi_memcpy                
0000056b  __aeabi_memcpy4               
0000056b  __aeabi_memcpy8               
0000056b  memcpy                        
00000609  serial_init                   
0000065b  main                          
0000068d  __TI_decompress_lzss          
000006f5  __TI_auto_init_nobinit_nopinit
00000739  _c_int00_noargs               
0000076d  __TI_decompress_none          
0000077b  ResetISR                      
00000787  _system_pre_init              
0000078b  C$$EXIT                       
0000078b  abort                         
00000874  __TI_Handler_Table_Base       
0000087c  __TI_CINIT_Base               
0000087c  __TI_Handler_Table_Limit      
00000884  __TI_CINIT_Limit              
20000000  __stack                       
20000000  __start___llvm_prf_cnts       
20000000  __stop___llvm_prf_cnts        
20000200  __STACK_END                   
20000200  __STACK_TOP                   
20000200  prompt                        
20000246  num_1_string                  
20000270  num_2_string                  
ffffffff  __TI_pprof_out_hndl           
ffffffff  __TI_prof_data_size           
ffffffff  __TI_prof_data_start          
ffffffff  __binit__                     
ffffffff  __c_args__                    
ffffffff  binit                         
UNDEFED   __mpu_init                    
UNDEFED   _system_post_cinit            

[38 symbols]
