<?xml version="1.0" encoding="ISO-8859-1" ?>
<link_info>
   <banner>TI ARM Linker PC v18.12.8.LTS</banner>
   <copyright>Copyright (c) 1996-2018 Texas Instruments Incorporated</copyright>
   <link_time>0x6425e000</link_time>
   <link_errors>0x0</link_errors>
   <output_file>LabFive.out</output_file>
   <entry_point>
      <name>_c_int00_noargs</name>
      <address>0x831</address>
   </entry_point>
   <input_file_list>
      <input_file id="fl-2">
         <path>.\</path>
         <kind>object</kind>
         <file>lab5wrapper.obj</file>
         <name>lab5wrapper.obj</name>
      </input_file>
      <input_file id="fl-3">
         <path>.\</path>
         <kind>object</kind>
         <file>lab_5.obj</file>
         <name>lab_5.obj</name>
      </input_file>
      <input_file id="fl-4">
         <path>.\</path>
         <kind>object</kind>
         <file>lab_5_library.obj</file>
         <name>lab_5_library.obj</name>
      </input_file>
      <input_file id="fl-5">
         <path>.\</path>
         <kind>object</kind>
         <file>tm4c123gh6pm_startup_ccs.obj</file>
         <name>tm4c123gh6pm_startup_ccs.obj</name>
      </input_file>
      <input_file id="fl-9">
         <kind>object</kind>
         <file>&lt;internal&gt;</file>
         <name>&lt;internal&gt;</name>
      </input_file>
      <input_file id="fl-bf">
         <path>C:\ti\ccs930\ccs\tools\compiler\ti-cgt-arm_18.12.8.LTS\lib\</path>
         <kind>archive</kind>
         <file>rtsv7M4_T_le_v4SPD16_eabi.lib</file>
         <name>copy_zero_init.c.obj</name>
      </input_file>
      <input_file id="fl-c0">
         <path>C:\ti\ccs930\ccs\tools\compiler\ti-cgt-arm_18.12.8.LTS\lib\</path>
         <kind>archive</kind>
         <file>rtsv7M4_T_le_v4SPD16_eabi.lib</file>
         <name>copy_decompress_none.c.obj</name>
      </input_file>
      <input_file id="fl-c1">
         <path>C:\ti\ccs930\ccs\tools\compiler\ti-cgt-arm_18.12.8.LTS\lib\</path>
         <kind>archive</kind>
         <file>rtsv7M4_T_le_v4SPD16_eabi.lib</file>
         <name>copy_decompress_lzss.c.obj</name>
      </input_file>
      <input_file id="fl-c2">
         <path>C:\ti\ccs930\ccs\tools\compiler\ti-cgt-arm_18.12.8.LTS\lib\</path>
         <kind>archive</kind>
         <file>rtsv7M4_T_le_v4SPD16_eabi.lib</file>
         <name>boot_cortex_m.c.obj</name>
      </input_file>
      <input_file id="fl-c3">
         <path>C:\ti\ccs930\ccs\tools\compiler\ti-cgt-arm_18.12.8.LTS\lib\</path>
         <kind>archive</kind>
         <file>rtsv7M4_T_le_v4SPD16_eabi.lib</file>
         <name>memset_t2.asm.obj</name>
      </input_file>
      <input_file id="fl-c4">
         <path>C:\ti\ccs930\ccs\tools\compiler\ti-cgt-arm_18.12.8.LTS\lib\</path>
         <kind>archive</kind>
         <file>rtsv7M4_T_le_v4SPD16_eabi.lib</file>
         <name>memcpy_t2.asm.obj</name>
      </input_file>
      <input_file id="fl-c5">
         <path>C:\ti\ccs930\ccs\tools\compiler\ti-cgt-arm_18.12.8.LTS\lib\</path>
         <kind>archive</kind>
         <file>rtsv7M4_T_le_v4SPD16_eabi.lib</file>
         <name>autoinit.c.obj</name>
      </input_file>
      <input_file id="fl-c6">
         <path>C:\ti\ccs930\ccs\tools\compiler\ti-cgt-arm_18.12.8.LTS\lib\</path>
         <kind>archive</kind>
         <file>rtsv7M4_T_le_v4SPD16_eabi.lib</file>
         <name>pre_init.c.obj</name>
      </input_file>
      <input_file id="fl-c7">
         <path>C:\ti\ccs930\ccs\tools\compiler\ti-cgt-arm_18.12.8.LTS\lib\</path>
         <kind>archive</kind>
         <file>rtsv7M4_T_le_v4SPD16_eabi.lib</file>
         <name>cpy_tbl.c.obj</name>
      </input_file>
      <input_file id="fl-c8">
         <path>C:\ti\ccs930\ccs\tools\compiler\ti-cgt-arm_18.12.8.LTS\lib\</path>
         <kind>archive</kind>
         <file>rtsv7M4_T_le_v4SPD16_eabi.lib</file>
         <name>exit.c.obj</name>
      </input_file>
      <input_file id="fl-c9">
         <path>C:\ti\ccs930\ccs\tools\compiler\ti-cgt-arm_18.12.8.LTS\lib\</path>
         <kind>archive</kind>
         <file>rtsv7M4_T_le_v4SPD16_eabi.lib</file>
         <name>_lock.c.obj</name>
      </input_file>
      <input_file id="fl-ca">
         <path>C:\ti\ccs930\ccs\tools\compiler\ti-cgt-arm_18.12.8.LTS\lib\</path>
         <kind>archive</kind>
         <file>rtsv7M4_T_le_v4SPD16_eabi.lib</file>
         <name>args_main.c.obj</name>
      </input_file>
   </input_file_list>
   <object_component_list>
      <object_component id="oc-f">
         <name>.intvecs</name>
         <load_address>0x0</load_address>
         <run_address>0x0</run_address>
         <size>0x26c</size>
         <input_file_ref idref="fl-5"/>
      </object_component>
      <object_component id="oc-2a">
         <name>.text</name>
         <load_address>0x26c</load_address>
         <run_address>0x26c</run_address>
         <size>0x418</size>
         <input_file_ref idref="fl-4"/>
      </object_component>
      <object_component id="oc-3d">
         <name>.text</name>
         <load_address>0x684</load_address>
         <run_address>0x684</run_address>
         <size>0x9c</size>
         <input_file_ref idref="fl-c4"/>
      </object_component>
      <object_component id="oc-12">
         <name>.text:decompress:lzss:__TI_decompress_lzss</name>
         <load_address>0x720</load_address>
         <run_address>0x720</run_address>
         <size>0x68</size>
         <input_file_ref idref="fl-c1"/>
      </object_component>
      <object_component id="oc-c6">
         <name>.text</name>
         <load_address>0x788</load_address>
         <run_address>0x788</run_address>
         <size>0x62</size>
         <input_file_ref idref="fl-3"/>
      </object_component>
      <object_component id="oc-d8">
         <name>.text:__TI_auto_init_nobinit_nopinit:__TI_auto_init_nobinit_nopinit</name>
         <load_address>0x7ec</load_address>
         <run_address>0x7ec</run_address>
         <size>0x44</size>
         <input_file_ref idref="fl-c5"/>
      </object_component>
      <object_component id="oc-5b">
         <name>.text:_c_int00_noargs:_c_int00_noargs</name>
         <load_address>0x830</load_address>
         <run_address>0x830</run_address>
         <size>0x34</size>
         <input_file_ref idref="fl-c2"/>
      </object_component>
      <object_component id="oc-18">
         <name>.text:decompress:none:__TI_decompress_none</name>
         <load_address>0x864</load_address>
         <run_address>0x864</run_address>
         <size>0xe</size>
         <input_file_ref idref="fl-c0"/>
      </object_component>
      <object_component id="oc-24">
         <name>.text</name>
         <load_address>0x872</load_address>
         <run_address>0x872</run_address>
         <size>0xc</size>
         <input_file_ref idref="fl-5"/>
      </object_component>
      <object_component id="oc-9f">
         <name>.text</name>
         <load_address>0x87e</load_address>
         <run_address>0x87e</run_address>
         <size>0xa</size>
         <input_file_ref idref="fl-2"/>
      </object_component>
      <object_component id="oc-99">
         <name>.text:_system_pre_init</name>
         <load_address>0x888</load_address>
         <run_address>0x888</run_address>
         <size>0x4</size>
         <input_file_ref idref="fl-c6"/>
      </object_component>
      <object_component id="oc-cc">
         <name>.text:abort:abort</name>
         <load_address>0x88c</load_address>
         <run_address>0x88c</run_address>
         <size>0x4</size>
         <input_file_ref idref="fl-c8"/>
      </object_component>
      <object_component id="oc-185">
         <name>.cinit..data.load</name>
         <load_address>0x890</load_address>
         <run_address>0x890</run_address>
         <size>0xae</size>
      </object_component>
      <object_component id="oc-183">
         <name>__TI_handler_table</name>
         <load_address>0x940</load_address>
         <run_address>0x940</run_address>
         <size>0x8</size>
      </object_component>
      <object_component id="oc-184">
         <name>__TI_cinit_table</name>
         <load_address>0x948</load_address>
         <run_address>0x948</run_address>
         <size>0x8</size>
      </object_component>
      <object_component id="oc-10a">
         <name>.data</name>
         <load_address>0x20000200</load_address>
         <run_address>0x20000200</run_address>
         <size>0x89</size>
         <input_file_ref idref="fl-3"/>
      </object_component>
      <object_component id="oc-70">
         <name>.data</name>
         <load_address>0x20000289</load_address>
         <run_address>0x20000289</run_address>
         <size>0x58</size>
         <input_file_ref idref="fl-4"/>
      </object_component>
      <object_component id="oc-21">
         <name>.stack</name>
         <uninitialized>true</uninitialized>
         <run_address>0x20000000</run_address>
         <size>0x4</size>
         <input_file_ref idref="fl-c2"/>
      </object_component>
      <object_component id="oc-186">
         <name>.stack</name>
         <uninitialized>true</uninitialized>
         <run_address>0x20000000</run_address>
         <size>0x0</size>
      </object_component>
      <object_component id="oc-a1">
         <name>.debug_info</name>
         <load_address>0x0</load_address>
         <run_address>0x0</run_address>
         <size>0x107</size>
         <input_file_ref idref="fl-2"/>
      </object_component>
      <object_component id="oc-38">
         <name>.debug_info</name>
         <load_address>0x107</load_address>
         <run_address>0x107</run_address>
         <size>0x84</size>
         <input_file_ref idref="fl-2"/>
      </object_component>
      <object_component id="oc-c7">
         <name>.debug_info</name>
         <load_address>0x18b</load_address>
         <run_address>0x18b</run_address>
         <size>0x133</size>
         <input_file_ref idref="fl-3"/>
      </object_component>
      <object_component id="oc-2d">
         <name>.debug_info</name>
         <load_address>0x2be</load_address>
         <run_address>0x2be</run_address>
         <size>0x56b</size>
         <input_file_ref idref="fl-4"/>
      </object_component>
      <object_component id="oc-31">
         <name>.debug_info</name>
         <load_address>0x829</load_address>
         <run_address>0x829</run_address>
         <size>0x306</size>
         <input_file_ref idref="fl-5"/>
      </object_component>
      <object_component id="oc-10">
         <name>.debug_info</name>
         <load_address>0xb2f</load_address>
         <run_address>0xb2f</run_address>
         <size>0xdd</size>
         <input_file_ref idref="fl-5"/>
      </object_component>
      <object_component id="oc-27">
         <name>.debug_info</name>
         <load_address>0xc0c</load_address>
         <run_address>0xc0c</run_address>
         <size>0x259</size>
         <input_file_ref idref="fl-5"/>
      </object_component>
      <object_component id="oc-74">
         <name>.debug_info</name>
         <load_address>0xe65</load_address>
         <run_address>0xe65</run_address>
         <size>0x26b</size>
         <input_file_ref idref="fl-5"/>
      </object_component>
      <object_component id="oc-b1">
         <name>.debug_info</name>
         <load_address>0x10d0</load_address>
         <run_address>0x10d0</run_address>
         <size>0x2a4</size>
         <input_file_ref idref="fl-5"/>
      </object_component>
      <object_component id="oc-79">
         <name>.debug_info</name>
         <load_address>0x1374</load_address>
         <run_address>0x1374</run_address>
         <size>0xbb</size>
         <input_file_ref idref="fl-5"/>
      </object_component>
      <object_component id="oc-48">
         <name>.debug_info</name>
         <load_address>0x142f</load_address>
         <run_address>0x142f</run_address>
         <size>0x2a9</size>
         <input_file_ref idref="fl-c0"/>
      </object_component>
      <object_component id="oc-1a">
         <name>.debug_info</name>
         <load_address>0x16d8</load_address>
         <run_address>0x16d8</run_address>
         <size>0x1eb</size>
         <input_file_ref idref="fl-c0"/>
      </object_component>
      <object_component id="oc-43">
         <name>.debug_info</name>
         <load_address>0x18c3</load_address>
         <run_address>0x18c3</run_address>
         <size>0x46</size>
         <input_file_ref idref="fl-c0"/>
      </object_component>
      <object_component id="oc-85">
         <name>.debug_info</name>
         <load_address>0x1909</load_address>
         <run_address>0x1909</run_address>
         <size>0x2c</size>
         <input_file_ref idref="fl-c0"/>
      </object_component>
      <object_component id="oc-83">
         <name>.debug_info</name>
         <load_address>0x1935</load_address>
         <run_address>0x1935</run_address>
         <size>0x29f</size>
         <input_file_ref idref="fl-c1"/>
      </object_component>
      <object_component id="oc-13">
         <name>.debug_info</name>
         <load_address>0x1bd4</load_address>
         <run_address>0x1bd4</run_address>
         <size>0x251</size>
         <input_file_ref idref="fl-c1"/>
      </object_component>
      <object_component id="oc-33">
         <name>.debug_info</name>
         <load_address>0x1e25</load_address>
         <run_address>0x1e25</run_address>
         <size>0x60</size>
         <input_file_ref idref="fl-c1"/>
      </object_component>
      <object_component id="oc-b6">
         <name>.debug_info</name>
         <load_address>0x1e85</load_address>
         <run_address>0x1e85</run_address>
         <size>0x46</size>
         <input_file_ref idref="fl-c1"/>
      </object_component>
      <object_component id="oc-7e">
         <name>.debug_info</name>
         <load_address>0x1ecb</load_address>
         <run_address>0x1ecb</run_address>
         <size>0x39</size>
         <input_file_ref idref="fl-c1"/>
      </object_component>
      <object_component id="oc-22">
         <name>.debug_info</name>
         <load_address>0x1f04</load_address>
         <run_address>0x1f04</run_address>
         <size>0x10c</size>
         <input_file_ref idref="fl-c2"/>
      </object_component>
      <object_component id="oc-5d">
         <name>.debug_info</name>
         <load_address>0x2010</load_address>
         <run_address>0x2010</run_address>
         <size>0x1aa</size>
         <input_file_ref idref="fl-c2"/>
      </object_component>
      <object_component id="oc-3e">
         <name>.debug_info</name>
         <load_address>0x21ba</load_address>
         <run_address>0x21ba</run_address>
         <size>0x11a</size>
         <input_file_ref idref="fl-c4"/>
      </object_component>
      <object_component id="oc-117">
         <name>.debug_info</name>
         <load_address>0x22d4</load_address>
         <run_address>0x22d4</run_address>
         <size>0x4b4</size>
         <input_file_ref idref="fl-c5"/>
      </object_component>
      <object_component id="oc-d9">
         <name>.debug_info</name>
         <load_address>0x2788</load_address>
         <run_address>0x2788</run_address>
         <size>0x1a7</size>
         <input_file_ref idref="fl-c5"/>
      </object_component>
      <object_component id="oc-13c">
         <name>.debug_info</name>
         <load_address>0x292f</load_address>
         <run_address>0x292f</run_address>
         <size>0x39</size>
         <input_file_ref idref="fl-c5"/>
      </object_component>
      <object_component id="oc-150">
         <name>.debug_info</name>
         <load_address>0x2968</load_address>
         <run_address>0x2968</run_address>
         <size>0x39</size>
         <input_file_ref idref="fl-c5"/>
      </object_component>
      <object_component id="oc-141">
         <name>.debug_info</name>
         <load_address>0x29a1</load_address>
         <run_address>0x29a1</run_address>
         <size>0x39</size>
         <input_file_ref idref="fl-c5"/>
      </object_component>
      <object_component id="oc-146">
         <name>.debug_info</name>
         <load_address>0x29da</load_address>
         <run_address>0x29da</run_address>
         <size>0xcd</size>
         <input_file_ref idref="fl-c5"/>
      </object_component>
      <object_component id="oc-9a">
         <name>.debug_info</name>
         <load_address>0x2aa7</load_address>
         <run_address>0x2aa7</run_address>
         <size>0x154</size>
         <input_file_ref idref="fl-c6"/>
      </object_component>
      <object_component id="oc-cd">
         <name>.debug_info</name>
         <load_address>0x2bfb</load_address>
         <run_address>0x2bfb</run_address>
         <size>0x123</size>
         <input_file_ref idref="fl-c8"/>
      </object_component>
      <object_component id="oc-187">
         <name>.debug_info</name>
         <load_address>0x2d1e</load_address>
         <run_address>0x2d1e</run_address>
         <size>0x90</size>
      </object_component>
      <object_component id="oc-a3">
         <name>.debug_line</name>
         <load_address>0x0</load_address>
         <run_address>0x0</run_address>
         <size>0x49</size>
         <input_file_ref idref="fl-2"/>
      </object_component>
      <object_component id="oc-3b">
         <name>.debug_line</name>
         <load_address>0x49</load_address>
         <run_address>0x49</run_address>
         <size>0x20</size>
         <input_file_ref idref="fl-2"/>
      </object_component>
      <object_component id="oc-ca">
         <name>.debug_line</name>
         <load_address>0x69</load_address>
         <run_address>0x69</run_address>
         <size>0x4b</size>
         <input_file_ref idref="fl-3"/>
      </object_component>
      <object_component id="oc-2b">
         <name>.debug_line</name>
         <load_address>0xb4</load_address>
         <run_address>0xb4</run_address>
         <size>0x17c</size>
         <input_file_ref idref="fl-4"/>
      </object_component>
      <object_component id="oc-73">
         <name>.debug_line</name>
         <load_address>0x230</load_address>
         <run_address>0x230</run_address>
         <size>0x41</size>
         <input_file_ref idref="fl-5"/>
      </object_component>
      <object_component id="oc-30">
         <name>.debug_line</name>
         <load_address>0x271</load_address>
         <run_address>0x271</run_address>
         <size>0x41</size>
         <input_file_ref idref="fl-5"/>
      </object_component>
      <object_component id="oc-26">
         <name>.debug_line</name>
         <load_address>0x2b2</load_address>
         <run_address>0x2b2</run_address>
         <size>0xa1</size>
         <input_file_ref idref="fl-5"/>
      </object_component>
      <object_component id="oc-77">
         <name>.debug_line</name>
         <load_address>0x353</load_address>
         <run_address>0x353</run_address>
         <size>0x6f</size>
         <input_file_ref idref="fl-5"/>
      </object_component>
      <object_component id="oc-b4">
         <name>.debug_line</name>
         <load_address>0x3c2</load_address>
         <run_address>0x3c2</run_address>
         <size>0x73</size>
         <input_file_ref idref="fl-5"/>
      </object_component>
      <object_component id="oc-7c">
         <name>.debug_line</name>
         <load_address>0x435</load_address>
         <run_address>0x435</run_address>
         <size>0x70</size>
         <input_file_ref idref="fl-5"/>
      </object_component>
      <object_component id="oc-8b">
         <name>.debug_line</name>
         <load_address>0x4a5</load_address>
         <run_address>0x4a5</run_address>
         <size>0x20</size>
         <input_file_ref idref="fl-c0"/>
      </object_component>
      <object_component id="oc-1d">
         <name>.debug_line</name>
         <load_address>0x4c5</load_address>
         <run_address>0x4c5</run_address>
         <size>0x55</size>
         <input_file_ref idref="fl-c0"/>
      </object_component>
      <object_component id="oc-46">
         <name>.debug_line</name>
         <load_address>0x51a</load_address>
         <run_address>0x51a</run_address>
         <size>0x3a</size>
         <input_file_ref idref="fl-c0"/>
      </object_component>
      <object_component id="oc-88">
         <name>.debug_line</name>
         <load_address>0x554</load_address>
         <run_address>0x554</run_address>
         <size>0x92</size>
         <input_file_ref idref="fl-c0"/>
      </object_component>
      <object_component id="oc-bc">
         <name>.debug_line</name>
         <load_address>0x5e6</load_address>
         <run_address>0x5e6</run_address>
         <size>0x20</size>
         <input_file_ref idref="fl-c1"/>
      </object_component>
      <object_component id="oc-17">
         <name>.debug_line</name>
         <load_address>0x606</load_address>
         <run_address>0x606</run_address>
         <size>0xa9</size>
         <input_file_ref idref="fl-c1"/>
      </object_component>
      <object_component id="oc-36">
         <name>.debug_line</name>
         <load_address>0x6af</load_address>
         <run_address>0x6af</run_address>
         <size>0x3a</size>
         <input_file_ref idref="fl-c1"/>
      </object_component>
      <object_component id="oc-b9">
         <name>.debug_line</name>
         <load_address>0x6e9</load_address>
         <run_address>0x6e9</run_address>
         <size>0x9a</size>
         <input_file_ref idref="fl-c1"/>
      </object_component>
      <object_component id="oc-81">
         <name>.debug_line</name>
         <load_address>0x783</load_address>
         <run_address>0x783</run_address>
         <size>0x96</size>
         <input_file_ref idref="fl-c1"/>
      </object_component>
      <object_component id="oc-6e">
         <name>.debug_line</name>
         <load_address>0x819</load_address>
         <run_address>0x819</run_address>
         <size>0x33</size>
         <input_file_ref idref="fl-c2"/>
      </object_component>
      <object_component id="oc-5f">
         <name>.debug_line</name>
         <load_address>0x84c</load_address>
         <run_address>0x84c</run_address>
         <size>0x45</size>
         <input_file_ref idref="fl-c2"/>
      </object_component>
      <object_component id="oc-41">
         <name>.debug_line</name>
         <load_address>0x891</load_address>
         <run_address>0x891</run_address>
         <size>0x88</size>
         <input_file_ref idref="fl-c4"/>
      </object_component>
      <object_component id="oc-13b">
         <name>.debug_line</name>
         <load_address>0x919</load_address>
         <run_address>0x919</run_address>
         <size>0xbf</size>
         <input_file_ref idref="fl-c5"/>
      </object_component>
      <object_component id="oc-dc">
         <name>.debug_line</name>
         <load_address>0x9d8</load_address>
         <run_address>0x9d8</run_address>
         <size>0x6f</size>
         <input_file_ref idref="fl-c5"/>
      </object_component>
      <object_component id="oc-13f">
         <name>.debug_line</name>
         <load_address>0xa47</load_address>
         <run_address>0xa47</run_address>
         <size>0x2e</size>
         <input_file_ref idref="fl-c5"/>
      </object_component>
      <object_component id="oc-153">
         <name>.debug_line</name>
         <load_address>0xa75</load_address>
         <run_address>0xa75</run_address>
         <size>0x9a</size>
         <input_file_ref idref="fl-c5"/>
      </object_component>
      <object_component id="oc-144">
         <name>.debug_line</name>
         <load_address>0xb0f</load_address>
         <run_address>0xb0f</run_address>
         <size>0x97</size>
         <input_file_ref idref="fl-c5"/>
      </object_component>
      <object_component id="oc-149">
         <name>.debug_line</name>
         <load_address>0xba6</load_address>
         <run_address>0xba6</run_address>
         <size>0x93</size>
         <input_file_ref idref="fl-c5"/>
      </object_component>
      <object_component id="oc-9d">
         <name>.debug_line</name>
         <load_address>0xc39</load_address>
         <run_address>0xc39</run_address>
         <size>0x40</size>
         <input_file_ref idref="fl-c6"/>
      </object_component>
      <object_component id="oc-d1">
         <name>.debug_line</name>
         <load_address>0xc79</load_address>
         <run_address>0xc79</run_address>
         <size>0x3c</size>
         <input_file_ref idref="fl-c8"/>
      </object_component>
      <object_component id="oc-a4">
         <name>.debug_frame</name>
         <load_address>0x0</load_address>
         <run_address>0x0</run_address>
         <size>0x58</size>
         <input_file_ref idref="fl-2"/>
      </object_component>
      <object_component id="oc-25">
         <name>.debug_frame</name>
         <load_address>0x58</load_address>
         <run_address>0x58</run_address>
         <size>0x90</size>
         <input_file_ref idref="fl-5"/>
      </object_component>
      <object_component id="oc-19">
         <name>.debug_frame</name>
         <load_address>0xe8</load_address>
         <run_address>0xe8</run_address>
         <size>0x54</size>
         <input_file_ref idref="fl-c0"/>
      </object_component>
      <object_component id="oc-16">
         <name>.debug_frame</name>
         <load_address>0x13c</load_address>
         <run_address>0x13c</run_address>
         <size>0x60</size>
         <input_file_ref idref="fl-c1"/>
      </object_component>
      <object_component id="oc-60">
         <name>.debug_frame</name>
         <load_address>0x19c</load_address>
         <run_address>0x19c</run_address>
         <size>0x50</size>
         <input_file_ref idref="fl-c2"/>
      </object_component>
      <object_component id="oc-dd">
         <name>.debug_frame</name>
         <load_address>0x1ec</load_address>
         <run_address>0x1ec</run_address>
         <size>0x5c</size>
         <input_file_ref idref="fl-c5"/>
      </object_component>
      <object_component id="oc-9e">
         <name>.debug_frame</name>
         <load_address>0x248</load_address>
         <run_address>0x248</run_address>
         <size>0x54</size>
         <input_file_ref idref="fl-c6"/>
      </object_component>
      <object_component id="oc-d0">
         <name>.debug_frame</name>
         <load_address>0x29c</load_address>
         <run_address>0x29c</run_address>
         <size>0x54</size>
         <input_file_ref idref="fl-c8"/>
      </object_component>
      <object_component id="oc-cb">
         <name>.debug_abbrev</name>
         <load_address>0x0</load_address>
         <run_address>0x0</run_address>
         <size>0x60</size>
         <input_file_ref idref="fl-2"/>
      </object_component>
      <object_component id="oc-3a">
         <name>.debug_abbrev</name>
         <load_address>0x60</load_address>
         <run_address>0x60</run_address>
         <size>0x1f</size>
         <input_file_ref idref="fl-2"/>
      </object_component>
      <object_component id="oc-10b">
         <name>.debug_abbrev</name>
         <load_address>0x7f</load_address>
         <run_address>0x7f</run_address>
         <size>0x35</size>
         <input_file_ref idref="fl-3"/>
      </object_component>
      <object_component id="oc-71">
         <name>.debug_abbrev</name>
         <load_address>0xb4</load_address>
         <run_address>0xb4</run_address>
         <size>0x43</size>
         <input_file_ref idref="fl-4"/>
      </object_component>
      <object_component id="oc-72">
         <name>.debug_abbrev</name>
         <load_address>0xf7</load_address>
         <run_address>0xf7</run_address>
         <size>0x7c</size>
         <input_file_ref idref="fl-5"/>
      </object_component>
      <object_component id="oc-2f">
         <name>.debug_abbrev</name>
         <load_address>0x173</load_address>
         <run_address>0x173</run_address>
         <size>0x29</size>
         <input_file_ref idref="fl-5"/>
      </object_component>
      <object_component id="oc-6f">
         <name>.debug_abbrev</name>
         <load_address>0x19c</load_address>
         <run_address>0x19c</run_address>
         <size>0x79</size>
         <input_file_ref idref="fl-5"/>
      </object_component>
      <object_component id="oc-76">
         <name>.debug_abbrev</name>
         <load_address>0x215</load_address>
         <run_address>0x215</run_address>
         <size>0x69</size>
         <input_file_ref idref="fl-5"/>
      </object_component>
      <object_component id="oc-b3">
         <name>.debug_abbrev</name>
         <load_address>0x27e</load_address>
         <run_address>0x27e</run_address>
         <size>0x5c</size>
         <input_file_ref idref="fl-5"/>
      </object_component>
      <object_component id="oc-7b">
         <name>.debug_abbrev</name>
         <load_address>0x2da</load_address>
         <run_address>0x2da</run_address>
         <size>0x24</size>
         <input_file_ref idref="fl-5"/>
      </object_component>
      <object_component id="oc-8a">
         <name>.debug_abbrev</name>
         <load_address>0x2fe</load_address>
         <run_address>0x2fe</run_address>
         <size>0x37</size>
         <input_file_ref idref="fl-c0"/>
      </object_component>
      <object_component id="oc-42">
         <name>.debug_abbrev</name>
         <load_address>0x335</load_address>
         <run_address>0x335</run_address>
         <size>0x74</size>
         <input_file_ref idref="fl-c0"/>
      </object_component>
      <object_component id="oc-45">
         <name>.debug_abbrev</name>
         <load_address>0x3a9</load_address>
         <run_address>0x3a9</run_address>
         <size>0x24</size>
         <input_file_ref idref="fl-c0"/>
      </object_component>
      <object_component id="oc-87">
         <name>.debug_abbrev</name>
         <load_address>0x3cd</load_address>
         <run_address>0x3cd</run_address>
         <size>0x24</size>
         <input_file_ref idref="fl-c0"/>
      </object_component>
      <object_component id="oc-bb">
         <name>.debug_abbrev</name>
         <load_address>0x3f1</load_address>
         <run_address>0x3f1</run_address>
         <size>0x37</size>
         <input_file_ref idref="fl-c1"/>
      </object_component>
      <object_component id="oc-32">
         <name>.debug_abbrev</name>
         <load_address>0x428</load_address>
         <run_address>0x428</run_address>
         <size>0x6f</size>
         <input_file_ref idref="fl-c1"/>
      </object_component>
      <object_component id="oc-35">
         <name>.debug_abbrev</name>
         <load_address>0x497</load_address>
         <run_address>0x497</run_address>
         <size>0x24</size>
         <input_file_ref idref="fl-c1"/>
      </object_component>
      <object_component id="oc-b8">
         <name>.debug_abbrev</name>
         <load_address>0x4bb</load_address>
         <run_address>0x4bb</run_address>
         <size>0x35</size>
         <input_file_ref idref="fl-c1"/>
      </object_component>
      <object_component id="oc-80">
         <name>.debug_abbrev</name>
         <load_address>0x4f0</load_address>
         <run_address>0x4f0</run_address>
         <size>0x24</size>
         <input_file_ref idref="fl-c1"/>
      </object_component>
      <object_component id="oc-6d">
         <name>.debug_abbrev</name>
         <load_address>0x514</load_address>
         <run_address>0x514</run_address>
         <size>0x29</size>
         <input_file_ref idref="fl-c2"/>
      </object_component>
      <object_component id="oc-a8">
         <name>.debug_abbrev</name>
         <load_address>0x53d</load_address>
         <run_address>0x53d</run_address>
         <size>0x55</size>
         <input_file_ref idref="fl-c2"/>
      </object_component>
      <object_component id="oc-84">
         <name>.debug_abbrev</name>
         <load_address>0x592</load_address>
         <run_address>0x592</run_address>
         <size>0x3e</size>
         <input_file_ref idref="fl-c4"/>
      </object_component>
      <object_component id="oc-13a">
         <name>.debug_abbrev</name>
         <load_address>0x5d0</load_address>
         <run_address>0x5d0</run_address>
         <size>0xc0</size>
         <input_file_ref idref="fl-c5"/>
      </object_component>
      <object_component id="oc-116">
         <name>.debug_abbrev</name>
         <load_address>0x690</load_address>
         <run_address>0x690</run_address>
         <size>0x7e</size>
         <input_file_ref idref="fl-c5"/>
      </object_component>
      <object_component id="oc-13e">
         <name>.debug_abbrev</name>
         <load_address>0x70e</load_address>
         <run_address>0x70e</run_address>
         <size>0x24</size>
         <input_file_ref idref="fl-c5"/>
      </object_component>
      <object_component id="oc-152">
         <name>.debug_abbrev</name>
         <load_address>0x732</load_address>
         <run_address>0x732</run_address>
         <size>0x24</size>
         <input_file_ref idref="fl-c5"/>
      </object_component>
      <object_component id="oc-143">
         <name>.debug_abbrev</name>
         <load_address>0x756</load_address>
         <run_address>0x756</run_address>
         <size>0x24</size>
         <input_file_ref idref="fl-c5"/>
      </object_component>
      <object_component id="oc-148">
         <name>.debug_abbrev</name>
         <load_address>0x77a</load_address>
         <run_address>0x77a</run_address>
         <size>0x4b</size>
         <input_file_ref idref="fl-c5"/>
      </object_component>
      <object_component id="oc-c5">
         <name>.debug_abbrev</name>
         <load_address>0x7c5</load_address>
         <run_address>0x7c5</run_address>
         <size>0x55</size>
         <input_file_ref idref="fl-c6"/>
      </object_component>
      <object_component id="oc-10c">
         <name>.debug_abbrev</name>
         <load_address>0x81a</load_address>
         <run_address>0x81a</run_address>
         <size>0x45</size>
         <input_file_ref idref="fl-c8"/>
      </object_component>
      <object_component id="oc-188">
         <name>.debug_abbrev</name>
         <load_address>0x85f</load_address>
         <run_address>0x85f</run_address>
         <size>0xf</size>
      </object_component>
      <object_component id="oc-3c">
         <name>.debug_str</name>
         <load_address>0x0</load_address>
         <run_address>0x0</run_address>
         <size>0xfe</size>
         <input_file_ref idref="fl-2"/>
      </object_component>
      <object_component id="oc-78">
         <name>.debug_str</name>
         <load_address>0xfe</load_address>
         <run_address>0xfe</run_address>
         <size>0x2a1</size>
         <input_file_ref idref="fl-5"/>
      </object_component>
      <object_component id="oc-b5">
         <name>.debug_str</name>
         <load_address>0x39f</load_address>
         <run_address>0x39f</run_address>
         <size>0x337</size>
         <input_file_ref idref="fl-5"/>
      </object_component>
      <object_component id="oc-7d">
         <name>.debug_str</name>
         <load_address>0x6d6</load_address>
         <run_address>0x6d6</run_address>
         <size>0x139</size>
         <input_file_ref idref="fl-5"/>
      </object_component>
      <object_component id="oc-47">
         <name>.debug_str</name>
         <load_address>0x80f</load_address>
         <run_address>0x80f</run_address>
         <size>0x10c</size>
         <input_file_ref idref="fl-c0"/>
      </object_component>
      <object_component id="oc-89">
         <name>.debug_str</name>
         <load_address>0x91b</load_address>
         <run_address>0x91b</run_address>
         <size>0x141</size>
         <input_file_ref idref="fl-c0"/>
      </object_component>
      <object_component id="oc-37">
         <name>.debug_str</name>
         <load_address>0xa5c</load_address>
         <run_address>0xa5c</run_address>
         <size>0x119</size>
         <input_file_ref idref="fl-c1"/>
      </object_component>
      <object_component id="oc-ba">
         <name>.debug_str</name>
         <load_address>0xb75</load_address>
         <run_address>0xb75</run_address>
         <size>0x16c</size>
         <input_file_ref idref="fl-c1"/>
      </object_component>
      <object_component id="oc-82">
         <name>.debug_str</name>
         <load_address>0xce1</load_address>
         <run_address>0xce1</run_address>
         <size>0x159</size>
         <input_file_ref idref="fl-c1"/>
      </object_component>
      <object_component id="oc-140">
         <name>.debug_str</name>
         <load_address>0xe3a</load_address>
         <run_address>0xe3a</run_address>
         <size>0xee</size>
         <input_file_ref idref="fl-c5"/>
      </object_component>
      <object_component id="oc-154">
         <name>.debug_str</name>
         <load_address>0xf28</load_address>
         <run_address>0xf28</run_address>
         <size>0x158</size>
         <input_file_ref idref="fl-c5"/>
      </object_component>
      <object_component id="oc-145">
         <name>.debug_str</name>
         <load_address>0x1080</load_address>
         <run_address>0x1080</run_address>
         <size>0x151</size>
         <input_file_ref idref="fl-c5"/>
      </object_component>
      <object_component id="oc-14a">
         <name>.debug_str</name>
         <load_address>0x11d1</load_address>
         <run_address>0x11d1</run_address>
         <size>0x198</size>
         <input_file_ref idref="fl-c5"/>
      </object_component>
      <object_component id="oc-a0">
         <name>.debug_aranges</name>
         <load_address>0x0</load_address>
         <run_address>0x0</run_address>
         <size>0x20</size>
         <input_file_ref idref="fl-2"/>
      </object_component>
      <object_component id="oc-c9">
         <name>.debug_aranges</name>
         <load_address>0x20</load_address>
         <run_address>0x20</run_address>
         <size>0x20</size>
         <input_file_ref idref="fl-3"/>
      </object_component>
      <object_component id="oc-2c">
         <name>.debug_aranges</name>
         <load_address>0x40</load_address>
         <run_address>0x40</run_address>
         <size>0x20</size>
         <input_file_ref idref="fl-4"/>
      </object_component>
      <object_component id="oc-28">
         <name>.debug_aranges</name>
         <load_address>0x60</load_address>
         <run_address>0x60</run_address>
         <size>0x38</size>
         <input_file_ref idref="fl-5"/>
      </object_component>
      <object_component id="oc-1c">
         <name>.debug_aranges</name>
         <load_address>0x98</load_address>
         <run_address>0x98</run_address>
         <size>0x20</size>
         <input_file_ref idref="fl-c0"/>
      </object_component>
      <object_component id="oc-14">
         <name>.debug_aranges</name>
         <load_address>0xb8</load_address>
         <run_address>0xb8</run_address>
         <size>0x20</size>
         <input_file_ref idref="fl-c1"/>
      </object_component>
      <object_component id="oc-5c">
         <name>.debug_aranges</name>
         <load_address>0xd8</load_address>
         <run_address>0xd8</run_address>
         <size>0x20</size>
         <input_file_ref idref="fl-c2"/>
      </object_component>
      <object_component id="oc-3f">
         <name>.debug_aranges</name>
         <load_address>0xf8</load_address>
         <run_address>0xf8</run_address>
         <size>0x20</size>
         <input_file_ref idref="fl-c4"/>
      </object_component>
      <object_component id="oc-db">
         <name>.debug_aranges</name>
         <load_address>0x118</load_address>
         <run_address>0x118</run_address>
         <size>0x20</size>
         <input_file_ref idref="fl-c5"/>
      </object_component>
      <object_component id="oc-9b">
         <name>.debug_aranges</name>
         <load_address>0x138</load_address>
         <run_address>0x138</run_address>
         <size>0x20</size>
         <input_file_ref idref="fl-c6"/>
      </object_component>
      <object_component id="oc-cf">
         <name>.debug_aranges</name>
         <load_address>0x158</load_address>
         <run_address>0x158</run_address>
         <size>0x20</size>
         <input_file_ref idref="fl-c8"/>
      </object_component>
      <object_component id="oc-a2">
         <name>.debug_pubnames</name>
         <load_address>0x0</load_address>
         <run_address>0x0</run_address>
         <size>0x1b</size>
         <input_file_ref idref="fl-2"/>
      </object_component>
      <object_component id="oc-c8">
         <name>.debug_pubnames</name>
         <load_address>0x1b</load_address>
         <run_address>0x1b</run_address>
         <size>0x29</size>
         <input_file_ref idref="fl-3"/>
      </object_component>
      <object_component id="oc-2e">
         <name>.debug_pubnames</name>
         <load_address>0x44</load_address>
         <run_address>0x44</run_address>
         <size>0x32</size>
         <input_file_ref idref="fl-4"/>
      </object_component>
      <object_component id="oc-11">
         <name>.debug_pubnames</name>
         <load_address>0x76</load_address>
         <run_address>0x76</run_address>
         <size>0x23</size>
         <input_file_ref idref="fl-5"/>
      </object_component>
      <object_component id="oc-29">
         <name>.debug_pubnames</name>
         <load_address>0x99</load_address>
         <run_address>0x99</run_address>
         <size>0x4c</size>
         <input_file_ref idref="fl-5"/>
      </object_component>
      <object_component id="oc-1b">
         <name>.debug_pubnames</name>
         <load_address>0xe5</load_address>
         <run_address>0xe5</run_address>
         <size>0x2b</size>
         <input_file_ref idref="fl-c0"/>
      </object_component>
      <object_component id="oc-15">
         <name>.debug_pubnames</name>
         <load_address>0x110</load_address>
         <run_address>0x110</run_address>
         <size>0x2b</size>
         <input_file_ref idref="fl-c1"/>
      </object_component>
      <object_component id="oc-23">
         <name>.debug_pubnames</name>
         <load_address>0x13b</load_address>
         <run_address>0x13b</run_address>
         <size>0x1e</size>
         <input_file_ref idref="fl-c2"/>
      </object_component>
      <object_component id="oc-5e">
         <name>.debug_pubnames</name>
         <load_address>0x159</load_address>
         <run_address>0x159</run_address>
         <size>0x26</size>
         <input_file_ref idref="fl-c2"/>
      </object_component>
      <object_component id="oc-40">
         <name>.debug_pubnames</name>
         <load_address>0x17f</load_address>
         <run_address>0x17f</run_address>
         <size>0x1d</size>
         <input_file_ref idref="fl-c4"/>
      </object_component>
      <object_component id="oc-da">
         <name>.debug_pubnames</name>
         <load_address>0x19c</load_address>
         <run_address>0x19c</run_address>
         <size>0x35</size>
         <input_file_ref idref="fl-c5"/>
      </object_component>
      <object_component id="oc-9c">
         <name>.debug_pubnames</name>
         <load_address>0x1d1</load_address>
         <run_address>0x1d1</run_address>
         <size>0x27</size>
         <input_file_ref idref="fl-c6"/>
      </object_component>
      <object_component id="oc-ce">
         <name>.debug_pubnames</name>
         <load_address>0x1f8</load_address>
         <run_address>0x1f8</run_address>
         <size>0x1c</size>
         <input_file_ref idref="fl-c8"/>
      </object_component>
      <object_component id="oc-39">
         <name>.debug_pubtypes</name>
         <load_address>0x0</load_address>
         <run_address>0x0</run_address>
         <size>0xed</size>
         <input_file_ref idref="fl-2"/>
      </object_component>
      <object_component id="oc-75">
         <name>.debug_pubtypes</name>
         <load_address>0xed</load_address>
         <run_address>0xed</run_address>
         <size>0x25c</size>
         <input_file_ref idref="fl-5"/>
      </object_component>
      <object_component id="oc-b2">
         <name>.debug_pubtypes</name>
         <load_address>0x349</load_address>
         <run_address>0x349</run_address>
         <size>0x330</size>
         <input_file_ref idref="fl-5"/>
      </object_component>
      <object_component id="oc-7a">
         <name>.debug_pubtypes</name>
         <load_address>0x679</load_address>
         <run_address>0x679</run_address>
         <size>0xaa</size>
         <input_file_ref idref="fl-5"/>
      </object_component>
      <object_component id="oc-44">
         <name>.debug_pubtypes</name>
         <load_address>0x723</load_address>
         <run_address>0x723</run_address>
         <size>0x48</size>
         <input_file_ref idref="fl-c0"/>
      </object_component>
      <object_component id="oc-86">
         <name>.debug_pubtypes</name>
         <load_address>0x76b</load_address>
         <run_address>0x76b</run_address>
         <size>0x1d</size>
         <input_file_ref idref="fl-c0"/>
      </object_component>
      <object_component id="oc-34">
         <name>.debug_pubtypes</name>
         <load_address>0x788</load_address>
         <run_address>0x788</run_address>
         <size>0x5d</size>
         <input_file_ref idref="fl-c1"/>
      </object_component>
      <object_component id="oc-b7">
         <name>.debug_pubtypes</name>
         <load_address>0x7e5</load_address>
         <run_address>0x7e5</run_address>
         <size>0x48</size>
         <input_file_ref idref="fl-c1"/>
      </object_component>
      <object_component id="oc-7f">
         <name>.debug_pubtypes</name>
         <load_address>0x82d</load_address>
         <run_address>0x82d</run_address>
         <size>0x35</size>
         <input_file_ref idref="fl-c1"/>
      </object_component>
      <object_component id="oc-13d">
         <name>.debug_pubtypes</name>
         <load_address>0x862</load_address>
         <run_address>0x862</run_address>
         <size>0x32</size>
         <input_file_ref idref="fl-c5"/>
      </object_component>
      <object_component id="oc-151">
         <name>.debug_pubtypes</name>
         <load_address>0x894</load_address>
         <run_address>0x894</run_address>
         <size>0x30</size>
         <input_file_ref idref="fl-c5"/>
      </object_component>
      <object_component id="oc-142">
         <name>.debug_pubtypes</name>
         <load_address>0x8c4</load_address>
         <run_address>0x8c4</run_address>
         <size>0x2c</size>
         <input_file_ref idref="fl-c5"/>
      </object_component>
      <object_component id="oc-147">
         <name>.debug_pubtypes</name>
         <load_address>0x8f0</load_address>
         <run_address>0x8f0</run_address>
         <size>0x50</size>
         <input_file_ref idref="fl-c5"/>
      </object_component>
   </object_component_list>
   <logical_group_list>
      <logical_group id="lg-3" display="no" color="cyan">
         <name>.intvecs</name>
         <load_address>0x0</load_address>
         <run_address>0x0</run_address>
         <size>0x26c</size>
         <contents>
            <object_component_ref idref="oc-f"/>
         </contents>
      </logical_group>
      <logical_group id="lg-4" display="no" color="cyan">
         <name>.text</name>
         <load_address>0x26c</load_address>
         <run_address>0x26c</run_address>
         <size>0x624</size>
         <contents>
            <object_component_ref idref="oc-2a"/>
            <object_component_ref idref="oc-3d"/>
            <object_component_ref idref="oc-12"/>
            <object_component_ref idref="oc-c6"/>
            <object_component_ref idref="oc-d8"/>
            <object_component_ref idref="oc-5b"/>
            <object_component_ref idref="oc-18"/>
            <object_component_ref idref="oc-24"/>
            <object_component_ref idref="oc-9f"/>
            <object_component_ref idref="oc-99"/>
            <object_component_ref idref="oc-cc"/>
         </contents>
      </logical_group>
      <logical_group id="lg-5" display="no" color="cyan">
         <name>.const</name>
         <run_address>0x0</run_address>
         <size>0x0</size>
         <contents>
         </contents>
      </logical_group>
      <logical_group id="lg-6" display="no" color="cyan">
         <name>.cinit</name>
         <load_address>0x890</load_address>
         <run_address>0x890</run_address>
         <size>0xc0</size>
         <contents>
            <object_component_ref idref="oc-185"/>
            <object_component_ref idref="oc-183"/>
            <object_component_ref idref="oc-184"/>
         </contents>
      </logical_group>
      <logical_group id="lg-7" display="no" color="cyan">
         <name>.pinit</name>
         <run_address>0x0</run_address>
         <size>0x0</size>
         <contents>
         </contents>
      </logical_group>
      <logical_group id="lg-8" display="no" color="cyan">
         <name>.init_array</name>
         <run_address>0x0</run_address>
         <size>0x0</size>
         <contents>
         </contents>
      </logical_group>
      <logical_group id="lg-9" display="no" color="cyan">
         <name>.vtable</name>
         <run_address>0x0</run_address>
         <size>0x0</size>
         <contents>
         </contents>
      </logical_group>
      <logical_group id="lg-a" display="no" color="cyan">
         <name>.data</name>
         <run_address>0x20000200</run_address>
         <size>0xe1</size>
         <contents>
            <object_component_ref idref="oc-10a"/>
            <object_component_ref idref="oc-70"/>
         </contents>
      </logical_group>
      <logical_group id="lg-b" display="no" color="cyan">
         <name>.bss</name>
         <run_address>0x0</run_address>
         <size>0x0</size>
         <contents>
         </contents>
      </logical_group>
      <logical_group id="lg-c" display="no" color="cyan">
         <name>.sysmem</name>
         <run_address>0x0</run_address>
         <size>0x0</size>
         <contents>
         </contents>
      </logical_group>
      <logical_group id="lg-d" display="no" color="cyan">
         <name>.stack</name>
         <run_address>0x20000000</run_address>
         <size>0x200</size>
         <contents>
            <object_component_ref idref="oc-21"/>
            <object_component_ref idref="oc-186"/>
         </contents>
      </logical_group>
      <logical_group id="lg-15c" display="no" color="cyan">
         <name>.TI.noinit</name>
         <run_address>0x0</run_address>
         <size>0x0</size>
         <contents>
         </contents>
      </logical_group>
      <logical_group id="lg-15d" display="no" color="cyan">
         <name>.TI.persistent</name>
         <run_address>0x0</run_address>
         <size>0x0</size>
         <contents>
         </contents>
      </logical_group>
      <logical_group id="lg-16b" display="never" color="cyan">
         <name>.debug_info</name>
         <load_address>0x0</load_address>
         <run_address>0x0</run_address>
         <size>0x2dae</size>
         <contents>
            <object_component_ref idref="oc-a1"/>
            <object_component_ref idref="oc-38"/>
            <object_component_ref idref="oc-c7"/>
            <object_component_ref idref="oc-2d"/>
            <object_component_ref idref="oc-31"/>
            <object_component_ref idref="oc-10"/>
            <object_component_ref idref="oc-27"/>
            <object_component_ref idref="oc-74"/>
            <object_component_ref idref="oc-b1"/>
            <object_component_ref idref="oc-79"/>
            <object_component_ref idref="oc-48"/>
            <object_component_ref idref="oc-1a"/>
            <object_component_ref idref="oc-43"/>
            <object_component_ref idref="oc-85"/>
            <object_component_ref idref="oc-83"/>
            <object_component_ref idref="oc-13"/>
            <object_component_ref idref="oc-33"/>
            <object_component_ref idref="oc-b6"/>
            <object_component_ref idref="oc-7e"/>
            <object_component_ref idref="oc-22"/>
            <object_component_ref idref="oc-5d"/>
            <object_component_ref idref="oc-3e"/>
            <object_component_ref idref="oc-117"/>
            <object_component_ref idref="oc-d9"/>
            <object_component_ref idref="oc-13c"/>
            <object_component_ref idref="oc-150"/>
            <object_component_ref idref="oc-141"/>
            <object_component_ref idref="oc-146"/>
            <object_component_ref idref="oc-9a"/>
            <object_component_ref idref="oc-cd"/>
            <object_component_ref idref="oc-187"/>
         </contents>
      </logical_group>
      <logical_group id="lg-16d" display="never" color="cyan">
         <name>.debug_line</name>
         <load_address>0x0</load_address>
         <run_address>0x0</run_address>
         <size>0xcb5</size>
         <contents>
            <object_component_ref idref="oc-a3"/>
            <object_component_ref idref="oc-3b"/>
            <object_component_ref idref="oc-ca"/>
            <object_component_ref idref="oc-2b"/>
            <object_component_ref idref="oc-73"/>
            <object_component_ref idref="oc-30"/>
            <object_component_ref idref="oc-26"/>
            <object_component_ref idref="oc-77"/>
            <object_component_ref idref="oc-b4"/>
            <object_component_ref idref="oc-7c"/>
            <object_component_ref idref="oc-8b"/>
            <object_component_ref idref="oc-1d"/>
            <object_component_ref idref="oc-46"/>
            <object_component_ref idref="oc-88"/>
            <object_component_ref idref="oc-bc"/>
            <object_component_ref idref="oc-17"/>
            <object_component_ref idref="oc-36"/>
            <object_component_ref idref="oc-b9"/>
            <object_component_ref idref="oc-81"/>
            <object_component_ref idref="oc-6e"/>
            <object_component_ref idref="oc-5f"/>
            <object_component_ref idref="oc-41"/>
            <object_component_ref idref="oc-13b"/>
            <object_component_ref idref="oc-dc"/>
            <object_component_ref idref="oc-13f"/>
            <object_component_ref idref="oc-153"/>
            <object_component_ref idref="oc-144"/>
            <object_component_ref idref="oc-149"/>
            <object_component_ref idref="oc-9d"/>
            <object_component_ref idref="oc-d1"/>
         </contents>
      </logical_group>
      <logical_group id="lg-16f" display="never" color="cyan">
         <name>.debug_frame</name>
         <load_address>0x0</load_address>
         <run_address>0x0</run_address>
         <size>0x2f0</size>
         <contents>
            <object_component_ref idref="oc-a4"/>
            <object_component_ref idref="oc-25"/>
            <object_component_ref idref="oc-19"/>
            <object_component_ref idref="oc-16"/>
            <object_component_ref idref="oc-60"/>
            <object_component_ref idref="oc-dd"/>
            <object_component_ref idref="oc-9e"/>
            <object_component_ref idref="oc-d0"/>
         </contents>
      </logical_group>
      <logical_group id="lg-171" display="never" color="cyan">
         <name>.debug_abbrev</name>
         <load_address>0x0</load_address>
         <run_address>0x0</run_address>
         <size>0x86e</size>
         <contents>
            <object_component_ref idref="oc-cb"/>
            <object_component_ref idref="oc-3a"/>
            <object_component_ref idref="oc-10b"/>
            <object_component_ref idref="oc-71"/>
            <object_component_ref idref="oc-72"/>
            <object_component_ref idref="oc-2f"/>
            <object_component_ref idref="oc-6f"/>
            <object_component_ref idref="oc-76"/>
            <object_component_ref idref="oc-b3"/>
            <object_component_ref idref="oc-7b"/>
            <object_component_ref idref="oc-8a"/>
            <object_component_ref idref="oc-42"/>
            <object_component_ref idref="oc-45"/>
            <object_component_ref idref="oc-87"/>
            <object_component_ref idref="oc-bb"/>
            <object_component_ref idref="oc-32"/>
            <object_component_ref idref="oc-35"/>
            <object_component_ref idref="oc-b8"/>
            <object_component_ref idref="oc-80"/>
            <object_component_ref idref="oc-6d"/>
            <object_component_ref idref="oc-a8"/>
            <object_component_ref idref="oc-84"/>
            <object_component_ref idref="oc-13a"/>
            <object_component_ref idref="oc-116"/>
            <object_component_ref idref="oc-13e"/>
            <object_component_ref idref="oc-152"/>
            <object_component_ref idref="oc-143"/>
            <object_component_ref idref="oc-148"/>
            <object_component_ref idref="oc-c5"/>
            <object_component_ref idref="oc-10c"/>
            <object_component_ref idref="oc-188"/>
         </contents>
      </logical_group>
      <logical_group id="lg-173" display="never" color="cyan">
         <name>.debug_str</name>
         <load_address>0x0</load_address>
         <run_address>0x0</run_address>
         <size>0x1369</size>
         <contents>
            <object_component_ref idref="oc-3c"/>
            <object_component_ref idref="oc-78"/>
            <object_component_ref idref="oc-b5"/>
            <object_component_ref idref="oc-7d"/>
            <object_component_ref idref="oc-47"/>
            <object_component_ref idref="oc-89"/>
            <object_component_ref idref="oc-37"/>
            <object_component_ref idref="oc-ba"/>
            <object_component_ref idref="oc-82"/>
            <object_component_ref idref="oc-140"/>
            <object_component_ref idref="oc-154"/>
            <object_component_ref idref="oc-145"/>
            <object_component_ref idref="oc-14a"/>
         </contents>
      </logical_group>
      <logical_group id="lg-175" display="never" color="cyan">
         <name>.debug_aranges</name>
         <load_address>0x0</load_address>
         <run_address>0x0</run_address>
         <size>0x178</size>
         <contents>
            <object_component_ref idref="oc-a0"/>
            <object_component_ref idref="oc-c9"/>
            <object_component_ref idref="oc-2c"/>
            <object_component_ref idref="oc-28"/>
            <object_component_ref idref="oc-1c"/>
            <object_component_ref idref="oc-14"/>
            <object_component_ref idref="oc-5c"/>
            <object_component_ref idref="oc-3f"/>
            <object_component_ref idref="oc-db"/>
            <object_component_ref idref="oc-9b"/>
            <object_component_ref idref="oc-cf"/>
         </contents>
      </logical_group>
      <logical_group id="lg-177" display="never" color="cyan">
         <name>.debug_pubnames</name>
         <load_address>0x0</load_address>
         <run_address>0x0</run_address>
         <size>0x214</size>
         <contents>
            <object_component_ref idref="oc-a2"/>
            <object_component_ref idref="oc-c8"/>
            <object_component_ref idref="oc-2e"/>
            <object_component_ref idref="oc-11"/>
            <object_component_ref idref="oc-29"/>
            <object_component_ref idref="oc-1b"/>
            <object_component_ref idref="oc-15"/>
            <object_component_ref idref="oc-23"/>
            <object_component_ref idref="oc-5e"/>
            <object_component_ref idref="oc-40"/>
            <object_component_ref idref="oc-da"/>
            <object_component_ref idref="oc-9c"/>
            <object_component_ref idref="oc-ce"/>
         </contents>
      </logical_group>
      <logical_group id="lg-179" display="never" color="cyan">
         <name>.debug_pubtypes</name>
         <load_address>0x0</load_address>
         <run_address>0x0</run_address>
         <size>0x940</size>
         <contents>
            <object_component_ref idref="oc-39"/>
            <object_component_ref idref="oc-75"/>
            <object_component_ref idref="oc-b2"/>
            <object_component_ref idref="oc-7a"/>
            <object_component_ref idref="oc-44"/>
            <object_component_ref idref="oc-86"/>
            <object_component_ref idref="oc-34"/>
            <object_component_ref idref="oc-b7"/>
            <object_component_ref idref="oc-7f"/>
            <object_component_ref idref="oc-13d"/>
            <object_component_ref idref="oc-151"/>
            <object_component_ref idref="oc-142"/>
            <object_component_ref idref="oc-147"/>
         </contents>
      </logical_group>
      <load_segment id="lg-18b" display="no" color="cyan">
         <name>SEGMENT_0</name>
         <load_address>0x0</load_address>
         <run_address>0x0</run_address>
         <size>0x950</size>
         <flags>0x5</flags>
         <contents>
            <logical_group_ref idref="lg-3"/>
            <logical_group_ref idref="lg-4"/>
            <logical_group_ref idref="lg-6"/>
         </contents>
      </load_segment>
      <load_segment id="lg-18c" display="no" color="cyan">
         <name>SEGMENT_1</name>
         <run_address>0x20000000</run_address>
         <size>0x2e1</size>
         <flags>0x6</flags>
         <contents>
            <logical_group_ref idref="lg-d"/>
            <logical_group_ref idref="lg-a"/>
         </contents>
      </load_segment>
   </logical_group_list>
   <placement_map>
      <memory_area display="yes" color="green">
         <name>FLASH</name>
         <page_id>0x0</page_id>
         <origin>0x0</origin>
         <length>0x40000</length>
         <used_space>0x950</used_space>
         <unused_space>0x3f6b0</unused_space>
         <attributes>RX</attributes>
         <usage_details>
            <allocated_space>
               <start_address>0x0</start_address>
               <size>0x26c</size>
               <logical_group_ref idref="lg-3"/>
            </allocated_space>
            <allocated_space>
               <start_address>0x26c</start_address>
               <size>0x624</size>
               <logical_group_ref idref="lg-4"/>
            </allocated_space>
            <allocated_space>
               <start_address>0x890</start_address>
               <size>0xc0</size>
               <logical_group_ref idref="lg-6"/>
            </allocated_space>
            <available_space>
               <start_address>0x950</start_address>
               <size>0x3f6b0</size>
            </available_space>
         </usage_details>
      </memory_area>
      <memory_area display="yes" color="green">
         <name>SRAM</name>
         <page_id>0x0</page_id>
         <origin>0x20000000</origin>
         <length>0x8000</length>
         <used_space>0x2e1</used_space>
         <unused_space>0x7d1f</unused_space>
         <attributes>RWX</attributes>
         <usage_details>
            <allocated_space>
               <start_address>0x20000000</start_address>
               <size>0x200</size>
               <logical_group_ref idref="lg-d"/>
            </allocated_space>
            <allocated_space>
               <start_address>0x20000200</start_address>
               <size>0xe1</size>
               <logical_group_ref idref="lg-a"/>
            </allocated_space>
            <available_space>
               <start_address>0x200002e1</start_address>
               <size>0x7d1f</size>
            </available_space>
         </usage_details>
      </memory_area>
   </placement_map>
   <cptbl_list>
      <cptbl>
         <name>__TI_cinit_table</name>
         <cprec>
            <name>.data</name>
            <load_address>0x890</load_address>
            <load_size>0xae</load_size>
            <run_address>0x20000200</run_address>
            <run_size>0xe1</run_size>
            <compression>lzss</compression>
         </cprec>
      </cptbl>
   </cptbl_list>
   <handler_table>
      <handler_table_name>__TI_handler_table</handler_table_name>
      <handler>
         <index>0x0</index>
         <name>__TI_decompress_lzss</name>
      </handler>
      <handler>
         <index>0x1</index>
         <name>__TI_decompress_none</name>
      </handler>
   </handler_table>
   <symbol_table>
      <symbol id="sm-1">
         <name>__STACK_TOP</name>
         <value>0x20000200</value>
      </symbol>
      <symbol id="sm-2">
         <name>__TI_CINIT_Base</name>
         <value>0x948</value>
      </symbol>
      <symbol id="sm-3">
         <name>__TI_CINIT_Limit</name>
         <value>0x950</value>
      </symbol>
      <symbol id="sm-4">
         <name>__TI_Handler_Table_Base</name>
         <value>0x940</value>
      </symbol>
      <symbol id="sm-5">
         <name>__TI_Handler_Table_Limit</name>
         <value>0x948</value>
      </symbol>
      <symbol id="sm-6">
         <name>binit</name>
         <value>0xffffffff</value>
      </symbol>
      <symbol id="sm-7">
         <name>__binit__</name>
         <value>0xffffffff</value>
      </symbol>
      <symbol id="sm-8">
         <name>__STACK_SIZE</name>
         <value>0x200</value>
      </symbol>
      <symbol id="sm-9">
         <name>__STACK_END</name>
         <value>0x20000200</value>
      </symbol>
      <symbol id="sm-a">
         <name>__c_args__</name>
         <value>0xffffffff</value>
      </symbol>
      <symbol id="sm-b">
         <name>__TI_pprof_out_hndl</name>
         <value>0xffffffff</value>
      </symbol>
      <symbol id="sm-c">
         <name>__TI_prof_data_start</name>
         <value>0xffffffff</value>
      </symbol>
      <symbol id="sm-d">
         <name>__TI_prof_data_size</name>
         <value>0xffffffff</value>
      </symbol>
      <symbol id="sm-31">
         <name>main</name>
         <value>0x87f</value>
         <object_component_ref idref="oc-9f"/>
      </symbol>
      <symbol id="sm-46">
         <name>key_counter_prompt</name>
         <value>0x2000025b</value>
         <object_component_ref idref="oc-10a"/>
      </symbol>
      <symbol id="sm-47">
         <name>key_bar</name>
         <value>0x20000281</value>
         <object_component_ref idref="oc-10a"/>
      </symbol>
      <symbol id="sm-48">
         <name>bar_prompt</name>
         <value>0x20000269</value>
         <object_component_ref idref="oc-10a"/>
      </symbol>
      <symbol id="sm-49">
         <name>mydata_sw1</name>
         <value>0x20000288</value>
         <object_component_ref idref="oc-10a"/>
      </symbol>
      <symbol id="sm-4a">
         <name>sw1_bar</name>
         <value>0x2000027b</value>
         <object_component_ref idref="oc-10a"/>
      </symbol>
      <symbol id="sm-4b">
         <name>prompt</name>
         <value>0x20000200</value>
         <object_component_ref idref="oc-10a"/>
      </symbol>
      <symbol id="sm-4c">
         <name>sw1_counter_prompt</name>
         <value>0x2000024d</value>
         <object_component_ref idref="oc-10a"/>
      </symbol>
      <symbol id="sm-4d">
         <name>mydata_key</name>
         <value>0x20000287</value>
         <object_component_ref idref="oc-10a"/>
      </symbol>
      <symbol id="sm-4e">
         <name>lab5</name>
         <value>0x7a9</value>
         <object_component_ref idref="oc-c6"/>
      </symbol>
      <symbol id="sm-6a">
         <name>key_count_str</name>
         <value>0x200002b5</value>
         <object_component_ref idref="oc-70"/>
      </symbol>
      <symbol id="sm-6b">
         <name>int2string</name>
         <value>0x63d</value>
         <object_component_ref idref="oc-2a"/>
      </symbol>
      <symbol id="sm-6c">
         <name>Timer_Handler</name>
         <value>0x5b7</value>
         <object_component_ref idref="oc-2a"/>
      </symbol>
      <symbol id="sm-6d">
         <name>output_string</name>
         <value>0x61b</value>
         <object_component_ref idref="oc-2a"/>
      </symbol>
      <symbol id="sm-6e">
         <name>sw1_count_str</name>
         <value>0x20000289</value>
         <object_component_ref idref="oc-70"/>
      </symbol>
      <symbol id="sm-6f">
         <name>read_string</name>
         <value>0x5e5</value>
         <object_component_ref idref="oc-2a"/>
      </symbol>
      <symbol id="sm-70">
         <name>output_character</name>
         <value>0x5c5</value>
         <object_component_ref idref="oc-2a"/>
      </symbol>
      <symbol id="sm-71">
         <name>simple_read_character</name>
         <value>0x5b9</value>
         <object_component_ref idref="oc-2a"/>
      </symbol>
      <symbol id="sm-72">
         <name>Switch_Handler</name>
         <value>0x4bf</value>
         <object_component_ref idref="oc-2a"/>
      </symbol>
      <symbol id="sm-73">
         <name>uart_interrupt_init</name>
         <value>0x31d</value>
         <object_component_ref idref="oc-2a"/>
      </symbol>
      <symbol id="sm-74">
         <name>uart_init</name>
         <value>0x275</value>
         <object_component_ref idref="oc-2a"/>
      </symbol>
      <symbol id="sm-75">
         <name>UART0_Handler</name>
         <value>0x3cd</value>
         <object_component_ref idref="oc-2a"/>
      </symbol>
      <symbol id="sm-76">
         <name>gpio_interrupt_init</name>
         <value>0x347</value>
         <object_component_ref idref="oc-2a"/>
      </symbol>
      <symbol id="sm-a1">
         <name>ResetISR</name>
         <value>0x873</value>
         <object_component_ref idref="oc-24"/>
      </symbol>
      <symbol id="sm-a2">
         <name>g_pfnVectors</name>
         <value>0x0</value>
         <object_component_ref idref="oc-f"/>
      </symbol>
      <symbol id="sm-ba">
         <name>__TI_decompress_none</name>
         <value>0x865</value>
         <object_component_ref idref="oc-18"/>
      </symbol>
      <symbol id="sm-dd">
         <name>__TI_decompress_lzss</name>
         <value>0x721</value>
         <object_component_ref idref="oc-12"/>
      </symbol>
      <symbol id="sm-f0">
         <name>__stack</name>
         <value>0x20000000</value>
         <object_component_ref idref="oc-21"/>
      </symbol>
      <symbol id="sm-f1">
         <name>_c_int00_noargs</name>
         <value>0x831</value>
         <object_component_ref idref="oc-5b"/>
      </symbol>
      <symbol id="sm-10d">
         <name>memcpy</name>
         <value>0x685</value>
         <object_component_ref idref="oc-3d"/>
      </symbol>
      <symbol id="sm-10e">
         <name>__aeabi_memcpy</name>
         <value>0x685</value>
         <object_component_ref idref="oc-3d"/>
      </symbol>
      <symbol id="sm-10f">
         <name>__aeabi_memcpy8</name>
         <value>0x685</value>
         <object_component_ref idref="oc-3d"/>
      </symbol>
      <symbol id="sm-110">
         <name>__aeabi_memcpy4</name>
         <value>0x685</value>
         <object_component_ref idref="oc-3d"/>
      </symbol>
      <symbol id="sm-138">
         <name>__TI_auto_init_nobinit_nopinit</name>
         <value>0x7ed</value>
         <object_component_ref idref="oc-d8"/>
      </symbol>
      <symbol id="sm-142">
         <name>_system_pre_init</name>
         <value>0x889</value>
         <object_component_ref idref="oc-99"/>
      </symbol>
      <symbol id="sm-14e">
         <name>C$$EXIT</name>
         <value>0x88d</value>
         <object_component_ref idref="oc-cc"/>
      </symbol>
      <symbol id="sm-14f">
         <name>abort</name>
         <value>0x88d</value>
         <object_component_ref idref="oc-cc"/>
      </symbol>
      <symbol id="sm-152">
         <name>__TI_static_base__</name>
         <value>0x0</value>
      </symbol>
      <symbol id="sm-155">
         <name>__mpu_init</name>
         <value>0x0</value>
      </symbol>
      <symbol id="sm-156">
         <name>_system_post_cinit</name>
         <value>0x0</value>
      </symbol>
   </symbol_table>
   <title>Link successful</title>
</link_info>
